// Jest Snapshot v1, https://goo.gl/fbAQLP

exports[`Piechart Panel when doing a basic render with data should render correctly 1`] = `
<Panel
  data={
    Object {
      "error": undefined,
      "request": Object {
        "cacheTimeout": null,
        "dashboardId": 11,
        "endTime": 1577184404002,
        "interval": "1m",
        "intervalMs": 60000,
        "maxDataPoints": 449,
        "panelId": 2,
        "range": Object {},
        "rangeRaw": Object {
          "from": "now-6h",
          "to": "now",
        },
        "requestId": "Q100",
        "scopedVars": Object {
          "__interval": Object {
            "text": "1m",
            "value": "1m",
          },
          "__interval_ms": Object {
            "text": "60000",
            "value": 60000,
          },
        },
        "startTime": 1577184403903,
        "targets": Array [
          Object {
            "datasource": "FileWave Prometheus",
            "expr": "go_memstats_alloc_bytes_total",
            "instant": true,
            "legendFormat": "{{job}}",
            "refId": "A",
            "requestId": "2A",
          },
        ],
        "timeInfo": "",
        "timezone": "browser",
      },
      "series": Array [
        Object {
          "fields": Array [
            Object {
              "calcs": null,
              "config": Object {
                "unit": undefined,
              },
              "labels": Object {
                "__name__": "go_memstats_alloc_bytes_total",
                "instance": "localhost:20448",
                "job": "grafana",
              },
              "name": "grafana",
              "type": "number",
              "values": Object {
                "buffer": Array [
                  1078024840,
                ],
              },
            },
          ],
          "length": 1,
          "meta": undefined,
          "name": "grafana",
          "refId": "A",
        },
      ],
      "state": "Done",
      "timeRange": Object {},
    }
  }
  height={500}
  id={1}
  onChangeTime={[MockFunction]}
  onChangeTimeRange={[MockFunction]}
  onOptionsChange={[MockFunction]}
  options={
    Object {
      "aliasColors": Object {},
      "chartType": Object {
        "label": "Pie",
        "value": "pie",
      },
      "cutoutPercentage": "80",
      "dataUnavailableMessage": "Data unavailable",
      "format": Object {
        "label": "short",
        "value": "short",
      },
      "highlightEnabled": true,
      "highlightValue": Object {
        "label": "Percentage",
        "value": "percentage",
      },
      "legendAlign": Object {
        "label": "Center",
        "value": "center",
      },
      "legendBoxWidth": "40",
      "legendEnabled": true,
      "legendFontSize": "12",
      "legendPosition": Object {
        "label": "Left",
        "value": "left",
      },
      "legendUsePointStyle": false,
      "linkEnabled": false,
      "linkTargetBlank": true,
      "linkUrl": "",
      "nullPointMode": "connected",
      "selectedHighlight": Object {
        "label": "",
        "value": "",
      },
      "valueName": "current",
    }
  }
  renderCounter={null}
  replaceVariables={[MockFunction]}
  timeRange=""
  timeZone=""
  transparent={false}
  width={500}
>
  <div
    className="fw-piechart"
    style={
      Object {
        "height": 500,
        "width": 500,
      }
    }
  >
    <canvas
      id="fw-piechart-2"
    />
  </div>
</Panel>
`;
